✔ UX-D01 new entry offers both independent teaching routes without quiz or login (7.0622ms)
✔ pilot pause/resume preserves each track step and support, never fabricates answers (3.4108ms)
✔ pilot missing audio is explicit, skip/finish allow other track without microphone (3.4739ms)
✔ UX-D02 reading selector changes passage and question content through mode entry (3.3866ms)
✔ UX-D03 typing draft survives leaving before review and re-entering writing (2.4271ms)
✔ UX-D04 feedback retains scroll while navigating to another screen resets it (1.9754ms)
✔ pilot content is a pinned teaching subset with assessment answers excluded (3.1871ms)
✔ pilot repeat returns only the selected track to demonstration without wiping other progress (2.2732ms)
✔ keyboard focus remains on help toggle after render and moves to heading on navigation (2.231ms)
✔ feedback after a hint does not invent independent learner evidence (2.171ms)
✔ S01-F changing demo owner isolates drafts, words and resume; returning restores only that owner (2.8202ms)
✔ S01-F leaving or changing a same-route activity cancels draft speech (2.5056ms)
✔ S01-F explicit stop, background and page exit cancel audio; late errors do not attach to next owner (2.5929ms)
✔ S01-F changing exam task stops speech even without a route change (2.1598ms)
✖ exam draft captures typing before review and keeps exact text across tasks, tracks and owners (3.7236ms)
✖ review preserves exact draft and editing clears stale review feedback (2.1102ms)
✖ discard needs explicit confirmation, cancels safely and cannot cross draft or owner boundary (2.0017ms)
ℹ tests 17
ℹ suites 0
ℹ pass 14
ℹ fail 3
ℹ cancelled 0
ℹ skipped 0
ℹ todo 0
ℹ duration_ms 138.8892

✖ failing tests:

test at docs\design\check-s01-navigation.cjs:149:1
✖ exam draft captures typing before review and keeps exact text across tasks, tracks and owners (3.7236ms)
  AssertionError [ERR_ASSERTION]: Expected values to be strictly equal:
  + actual - expected
  
  + ''
  - '  My <draft>\nwith spaces  '
  
      at TestContext.<anonymous> (C:\Users\Phet\.codex\worktrees\897e\LexiQuest\docs\design\check-s01-navigation.cjs:154:10)
      at Test.runInAsyncScope (node:async_hooks:227:14)
      at Test.run (node:internal/test_runner/test:1306:25)
      at Test.processPendingSubtests (node:internal/test_runner/test:897:18)
      at Test.postRun (node:internal/test_runner/test:1447:19)
      at Test.run (node:internal/test_runner/test:1372:12)
      at async Test.processPendingSubtests (node:internal/test_runner/test:897:7) {
    generatedMessage: true,
    code: 'ERR_ASSERTION',
    actual: '',
    expected: '  My <draft>\nwith spaces  ',
    operator: 'strictEqual',
    diff: 'simple'
  }

test at docs\design\check-s01-navigation.cjs:168:1
✖ review preserves exact draft and editing clears stale review feedback (2.1102ms)
  AssertionError [ERR_ASSERTION]: Expected values to be strictly equal:
  + actual - expected
  
  + 'hello'
  - '  hello  '
  
      at TestContext.<anonymous> (C:\Users\Phet\.codex\worktrees\897e\LexiQuest\docs\design\check-s01-navigation.cjs:171:66)
      at Test.runInAsyncScope (node:async_hooks:227:14)
      at Test.run (node:internal/test_runner/test:1306:25)
      at Test.processPendingSubtests (node:internal/test_runner/test:897:18)
      at Test.postRun (node:internal/test_runner/test:1447:19)
      at Test.run (node:internal/test_runner/test:1372:12)
      at async Test.processPendingSubtests (node:internal/test_runner/test:897:7) {
    generatedMessage: true,
    code: 'ERR_ASSERTION',
    actual: 'hello',
    expected: '  hello  ',
    operator: 'strictEqual',
    diff: 'simple'
  }

test at docs\design\check-s01-navigation.cjs:177:1
✖ discard needs explicit confirmation, cancels safely and cannot cross draft or owner boundary (2.0017ms)
  AssertionError [ERR_ASSERTION]: Expected values to be strictly equal:
  
  '' !== 'keep'
  
      at TestContext.<anonymous> (C:\Users\Phet\.codex\worktrees\897e\LexiQuest\docs\design\check-s01-navigation.cjs:179:48)
      at Test.runInAsyncScope (node:async_hooks:227:14)
      at Test.run (node:internal/test_runner/test:1306:25)
      at Test.processPendingSubtests (node:internal/test_runner/test:897:18)
      at Test.postRun (node:internal/test_runner/test:1447:19)
      at Test.run (node:internal/test_runner/test:1372:12)
      at async Test.processPendingSubtests (node:internal/test_runner/test:897:7) {
    generatedMessage: true,
    code: 'ERR_ASSERTION',
    actual: '',
    expected: 'keep',
    operator: 'strictEqual',
    diff: 'simple'
  }
