TAP version 13
# Subtest: UX-D01 new entry offers both independent teaching routes without quiz or login
ok 1 - UX-D01 new entry offers both independent teaching routes without quiz or login
  ---
  duration_ms: 5.5797
  type: 'test'
  ...
# Subtest: pilot pause/resume preserves each track step and support, never fabricates answers
ok 2 - pilot pause/resume preserves each track step and support, never fabricates answers
  ---
  duration_ms: 3.7959
  type: 'test'
  ...
# Subtest: pilot missing audio is explicit, skip/finish allow other track without microphone
ok 3 - pilot missing audio is explicit, skip/finish allow other track without microphone
  ---
  duration_ms: 2.5257
  type: 'test'
  ...
# Subtest: UX-D02 reading selector changes passage and question content through mode entry
ok 4 - UX-D02 reading selector changes passage and question content through mode entry
  ---
  duration_ms: 3.5369
  type: 'test'
  ...
# Subtest: UX-D03 typing draft survives leaving before review and re-entering writing
ok 5 - UX-D03 typing draft survives leaving before review and re-entering writing
  ---
  duration_ms: 2.2917
  type: 'test'
  ...
# Subtest: UX-D04 feedback retains scroll while navigating to another screen resets it
ok 6 - UX-D04 feedback retains scroll while navigating to another screen resets it
  ---
  duration_ms: 1.7796
  type: 'test'
  ...
# Subtest: pilot content is a pinned teaching subset with assessment answers excluded
ok 7 - pilot content is a pinned teaching subset with assessment answers excluded
  ---
  duration_ms: 3.0216
  type: 'test'
  ...
# Subtest: pilot repeat returns only the selected track to demonstration without wiping other progress
not ok 8 - pilot repeat returns only the selected track to demonstration without wiping other progress
  ---
  duration_ms: 2.7184
  type: 'test'
  location: 'C:\\Users\\Phet\\.codex\\worktrees\\ffeb\\LexiQuest\\docs\\design\\check-s01-navigation.cjs:84:1'
  failureType: 'testCodeFailure'
  error: |-
    The input did not match the regular expression /data-action="pilot-restart"/. Input:
    
    '<section class="screen" data-view="pilot"><button class="back" data-action="back">← ย้อนกลับ</button><div class="kicker">เริ่มอ่านคำสั้น</div><h1 class="title">เลือกทางต่อได้</h1><p class="sub">ต้นแบบการใช้ปุ่ม · เนื้อหายังไม่ผ่านผู้ตรวจ</p><p class="smalltag">ขั้น 6 จาก 6 · s01-content-r1</p><div class="card"><p>ต้นแบบนี้ยังไม่ได้ตรวจการอ่านออกเสียง เลือกฝึกอีกครั้ง ฟังเรื่อง หรือพักได้ ไม่มีคะแนนปลดล็อกบท</p></div><button class="disclosure" data-action="pilot-help" aria-expanded="false">ขอคำช่วย</button><p role="status">ยังไม่ได้ตรวจผลการอ่านหรือความเข้าใจ การดูจบไม่สร้างคะแนนหรือ mastery</p><button class="button secondary full" data-pilot-track="story">เปลี่ยนไปฟังหรืออ่านเรื่องในร้าน</button><button class="button secondary full" data-action="pilot-pause">พักไว้ แล้วกลับหน้าวันนี้</button><p class="sample-note">ไม่บันทึกคะแนน XP เสียง หรือข้อมูลผู้เรียนจริง ปิดหรือโหลดหน้าใหม่จะล้างตำแหน่งต้นแบบ</p></section>'
    
  code: 'ERR_ASSERTION'
  name: 'AssertionError'
  expected:
  actual: '<section class="screen" data-view="pilot"><button class="back" data-action="back">← ย้อนกลับ</button><div class="kicker">เริ่มอ่านคำสั้น</div><h1 class="title">เลือกทางต่อได้</h1><p class="sub">ต้นแบบการใช้ปุ่ม · เนื้อหายังไม่ผ่านผู้ตรวจ</p><p class="smalltag">ขั้น 6 จาก 6 · s01-content-r1</p><div class="card"><p>ต้นแบบนี้ยังไม่ได้ตรวจการอ่านออกเสียง เลือกฝึกอีกครั้ง ฟังเรื่อง หรือพักได้ ไม่มีคะแนนปลดล็อกบท</p></div><button class="disclosure" data-action="pilot-help" aria-expanded="false">ขอคำช่วย</button><p role="status">ยังไม่ได้ตรวจผลการอ่านหรือความเข้าใจ การดูจบไม่สร้างคะแนนหรือ mastery</p><button class="button secondary full" data-pilot-track="story">เปลี่ยนไปฟังหรืออ่านเรื่องในร้าน</button><button class="button secondary full" data-action="pilot-pause">พักไว้ แล้วกลับหน้าวันนี้</button><p class="sample-note">ไม่บันทึกคะแนน XP เสียง หรือข้อมูลผู้เรียนจริง ปิดหรือโหลดหน้าใหม่จะล้างตำแหน่งต้นแบบ</p></section>'
  operator: 'match'
  stack: |-
    TestContext.<anonymous> (C:\Users\Phet\.codex\worktrees\ffeb\LexiQuest\docs\design\check-s01-navigation.cjs:87:10)
    Test.runInAsyncScope (node:async_hooks:227:14)
    Test.run (node:internal/test_runner/test:1306:25)
    Test.processPendingSubtests (node:internal/test_runner/test:897:18)
    Test.postRun (node:internal/test_runner/test:1447:19)
    Test.run (node:internal/test_runner/test:1372:12)
    async Test.processPendingSubtests (node:internal/test_runner/test:897:7)
  ...
# Subtest: keyboard focus remains on help toggle after render and moves to heading on navigation
not ok 9 - keyboard focus remains on help toggle after render and moves to heading on navigation
  ---
  duration_ms: 2.2169
  type: 'test'
  location: 'C:\\Users\\Phet\\.codex\\worktrees\\ffeb\\LexiQuest\\docs\\design\\check-s01-navigation.cjs:92:1'
  failureType: 'testCodeFailure'
  error: |-
    Expected values to be strictly equal:
    
    null !== 'heading'
    
  code: 'ERR_ASSERTION'
  name: 'AssertionError'
  expected: 'heading'
  actual: ~
  operator: 'strictEqual'
  stack: |-
    TestContext.<anonymous> (C:\Users\Phet\.codex\worktrees\ffeb\LexiQuest\docs\design\check-s01-navigation.cjs:94:10)
    Test.runInAsyncScope (node:async_hooks:227:14)
    Test.run (node:internal/test_runner/test:1306:25)
    Test.processPendingSubtests (node:internal/test_runner/test:897:18)
    Test.postRun (node:internal/test_runner/test:1447:19)
    Test.run (node:internal/test_runner/test:1372:12)
    async Test.processPendingSubtests (node:internal/test_runner/test:897:7)
  ...
1..9
# tests 9
# suites 0
# pass 7
# fail 2
# cancelled 0
# skipped 0
# todo 0
# duration_ms 114.155
