TAP version 13
# Subtest: UX-D01 new entry offers both independent teaching routes without quiz or login
ok 1 - UX-D01 new entry offers both independent teaching routes without quiz or login
  ---
  duration_ms: 6.7072
  type: 'test'
  ...
# Subtest: pilot pause/resume preserves each track step and support, never fabricates answers
ok 2 - pilot pause/resume preserves each track step and support, never fabricates answers
  ---
  duration_ms: 3.3974
  type: 'test'
  ...
# Subtest: pilot missing audio is explicit, skip/finish allow other track without microphone
ok 3 - pilot missing audio is explicit, skip/finish allow other track without microphone
  ---
  duration_ms: 2.5347
  type: 'test'
  ...
# Subtest: UX-D02 reading selector changes passage and question content through mode entry
ok 4 - UX-D02 reading selector changes passage and question content through mode entry
  ---
  duration_ms: 4.0819
  type: 'test'
  ...
# Subtest: UX-D03 typing draft survives leaving before review and re-entering writing
ok 5 - UX-D03 typing draft survives leaving before review and re-entering writing
  ---
  duration_ms: 2.3966
  type: 'test'
  ...
# Subtest: UX-D04 feedback retains scroll while navigating to another screen resets it
ok 6 - UX-D04 feedback retains scroll while navigating to another screen resets it
  ---
  duration_ms: 1.8882
  type: 'test'
  ...
# Subtest: pilot content is a pinned teaching subset with assessment answers excluded
ok 7 - pilot content is a pinned teaching subset with assessment answers excluded
  ---
  duration_ms: 3.2232
  type: 'test'
  ...
# Subtest: pilot repeat returns only the selected track to demonstration without wiping other progress
ok 8 - pilot repeat returns only the selected track to demonstration without wiping other progress
  ---
  duration_ms: 2.3022
  type: 'test'
  ...
# Subtest: keyboard focus remains on help toggle after render and moves to heading on navigation
ok 9 - keyboard focus remains on help toggle after render and moves to heading on navigation
  ---
  duration_ms: 2.0934
  type: 'test'
  ...
# Subtest: feedback after a hint does not invent independent learner evidence
ok 10 - feedback after a hint does not invent independent learner evidence
  ---
  duration_ms: 2.058
  type: 'test'
  ...
# Subtest: S01-F changing demo owner isolates drafts, words and resume; returning restores only that owner
ok 11 - S01-F changing demo owner isolates drafts, words and resume; returning restores only that owner
  ---
  duration_ms: 2.561
  type: 'test'
  ...
# Subtest: S01-F leaving or changing a same-route activity cancels draft speech
ok 12 - S01-F leaving or changing a same-route activity cancels draft speech
  ---
  duration_ms: 2.1715
  type: 'test'
  ...
# Subtest: S01-F explicit stop, background and page exit cancel audio; late errors do not attach to next owner
ok 13 - S01-F explicit stop, background and page exit cancel audio; late errors do not attach to next owner
  ---
  duration_ms: 2.3307
  type: 'test'
  ...
# Subtest: S01-F changing exam task stops speech even without a route change
not ok 14 - S01-F changing exam task stops speech even without a route change
  ---
  duration_ms: 7.3681
  type: 'test'
  location: 'C:\\Users\\Phet\\.codex\\worktrees\\ffeb\\LexiQuest\\docs\\design\\check-s01-navigation.cjs:141:1'
  failureType: 'testCodeFailure'
  error: |-
    The expression evaluated to a falsy value:
    
      assert.ok(h.cancelled()>count)
    
  code: 'ERR_ASSERTION'
  name: 'AssertionError'
  expected: true
  actual: false
  operator: '=='
  stack: |-
    TestContext.<anonymous> (C:\Users\Phet\.codex\worktrees\ffeb\LexiQuest\docs\design\check-s01-navigation.cjs:144:46)
    Test.runInAsyncScope (node:async_hooks:227:14)
    Test.run (node:internal/test_runner/test:1306:25)
    Test.processPendingSubtests (node:internal/test_runner/test:897:18)
    Test.postRun (node:internal/test_runner/test:1447:19)
    Test.run (node:internal/test_runner/test:1372:12)
    async Test.processPendingSubtests (node:internal/test_runner/test:897:7)
  ...
1..14
# tests 14
# suites 0
# pass 13
# fail 1
# cancelled 0
# skipped 0
# todo 0
# duration_ms 132.581
