✔ camera cancellation and exit release local image and ignore stale file events (16.9471ms)
✔ camera unknown model and failed states provide manual alternative without readiness claims (2.8073ms)
✔ AI readiness is explicitly unverified and cancellation rejects stale sample answers (2.7149ms)
✔ UX08 sample progress distinguishes effort from evidence and never calls samples actual results (2.2249ms)
✔ UX08 empty history stays empty after sample activity and zero is not a failing learner score (2.9876ms)
✔ UX08 displayed sample history and exported sample history agree without inventing records (2.2851ms)
✔ import preview retains exact draft but typing invalidates candidates before confirmation (2.6915ms)
✔ import cancellation and route or owner changes invalidate pending confirmation (5.8015ms)
✔ missing word routes never substitute another word and remain safe with empty lists (12.2233ms)
✔ edit and delete cancel preserve words and stale actions cannot mutate after leaving (4.4721ms)
✔ export cancel rejects stale download and selection controls exact sample CSV payload (2.3295ms)
✔ UX-D01 new entry offers both independent teaching routes without quiz or login (2.1927ms)
✔ pilot pause/resume preserves each track step and support, never fabricates answers (2.3239ms)
✔ pilot missing audio is explicit, skip/finish allow other track without microphone (3.5652ms)
✔ UX-D02 reading selector changes passage and question content through mode entry (2.9215ms)
✔ UX-D03 typing draft survives leaving before review and re-entering writing (2.5242ms)
✔ UX-D04 feedback retains scroll while navigating to another screen resets it (2.2062ms)
✔ pilot content is a pinned teaching subset with assessment answers excluded (3.3746ms)
✔ pilot repeat returns only the selected track to demonstration without wiping other progress (2.3516ms)
✔ keyboard focus remains on help toggle after render and moves to heading on navigation (2.1271ms)
✔ feedback after a hint does not invent independent learner evidence (1.9561ms)
✔ S01-F changing demo owner isolates drafts, words and resume; returning restores only that owner (2.5098ms)
✔ S01-F leaving or changing a same-route activity cancels draft speech (3.3761ms)
✔ S01-F explicit stop, background and page exit cancel audio; late errors do not attach to next owner (2.4812ms)
✔ S01-F changing exam task stops speech even without a route change (2.215ms)
✔ exam draft captures typing before review and keeps exact text across tasks, tracks and owners (3.9499ms)
✔ review preserves exact draft and editing clears stale review feedback (2.0227ms)
✔ discard needs explicit confirmation, cancels safely and cannot cross draft or owner boundary (2.7233ms)
✔ story Thai support toggles independently, labels reading modality and survives pause (2.1056ms)
✔ content revision resets stale support and position with notice and preserves other track (2.1627ms)
✖ add form preserves exact partial and duplicate input across feedback and owner re-entry (2.5582ms)
✖ add cancel and off-route actions cannot add stale words and success clears draft (3.4461ms)
✖ edit draft survives feedback but cancel restores persisted meaning (2.1857ms)
✖ import preserves line numbers and shows invalid duplicate and accepted row outcomes (6.5606ms)
ℹ tests 34
ℹ suites 0
ℹ pass 30
ℹ fail 4
ℹ cancelled 0
ℹ skipped 0
ℹ todo 0
ℹ duration_ms 228.6611

✖ failing tests:

test at docs\design\check-s01-navigation.cjs:325:1
✖ add form preserves exact partial and duplicate input across feedback and owner re-entry (2.5582ms)
  AssertionError [ERR_ASSERTION]: The input did not match the regular expression /value="  &lt;pear&gt;  "/. Input:
  
  '<section class="screen" data-view="add-word"><div class="info banner" role="status">ใส่คำภาษาอังกฤษและความหมายภาษาไทยให้ครบก่อน</div><button class="back" data-action="back">← ย้อนกลับ</button><div class="kicker">เก็บคำที่อยากจำ</div><h1 class="title" tabindex="-1">เพิ่มคำศัพท์</h1><p class="sub">ใส่คำและความหมายด้วยตัวเอง</p><label class="label" for="new-word">คำภาษาอังกฤษ</label><input id="new-word" class="input" placeholder="เช่น book" autocomplete="off"><label class="label" for="new-meaning">ความหมายภาษาไทย</label><input id="new-meaning" class="input" placeholder="เช่น หนังสือ" autocomplete="off"><button class="button full" data-action="add-word">เพิ่มในตัวอย่าง</button><p class="hint">จะกลับมาแก้ไขความหมายภายหลังก็ได้</p><p class="sample-note">ข้อมูลบนหน้านี้เป็นตัวอย่างสำหรับดูดีไซน์ ไม่ใช่ผลการเรียนหรือข้อมูลบัญชีจริง</p></section>'
  
      at TestContext.<anonymous> (C:\Users\Phet\.codex\worktrees\26db\LexiQuest\docs\design\check-s01-navigation.cjs:327:10)
      at Test.runInAsyncScope (node:async_hooks:227:14)
      at Test.run (node:internal/test_runner/test:1306:25)
      at Test.processPendingSubtests (node:internal/test_runner/test:897:18)
      at Test.postRun (node:internal/test_runner/test:1447:19)
      at Test.run (node:internal/test_runner/test:1372:12)
      at async Test.processPendingSubtests (node:internal/test_runner/test:897:7) {
    generatedMessage: true,
    code: 'ERR_ASSERTION',
    actual: '<section class="screen" data-view="add-word"><div class="info banner" role="status">ใส่คำภาษาอังกฤษและความหมายภาษาไทยให้ครบก่อน</div><button class="back" data-action="back">← ย้อนกลับ</button><div class="kicker">เก็บคำที่อยากจำ</div><h1 class="title" tabindex="-1">เพิ่มคำศัพท์</h1><p class="sub">ใส่คำและความหมายด้วยตัวเอง</p><label class="label" for="new-word">คำภาษาอังกฤษ</label><input id="new-word" class="input" placeholder="เช่น book" autocomplete="off"><label class="label" for="new-meaning">ความหมายภาษาไทย</label><input id="new-meaning" class="input" placeholder="เช่น หนังสือ" autocomplete="off"><button class="button full" data-action="add-word">เพิ่มในตัวอย่าง</button><p class="hint">จะกลับมาแก้ไขความหมายภายหลังก็ได้</p><p class="sample-note">ข้อมูลบนหน้านี้เป็นตัวอย่างสำหรับดูดีไซน์ ไม่ใช่ผลการเรียนหรือข้อมูลบัญชีจริง</p></section>',
    expected: /value="  &lt;pear&gt;  "/,
    operator: 'match',
    diff: 'simple'
  }

test at docs\design\check-s01-navigation.cjs:333:1
✖ add cancel and off-route actions cannot add stale words and success clears draft (3.4461ms)
  AssertionError [ERR_ASSERTION]: The input did not match the regular expression /data-action="add-word-cancel"/. Input:
  
  '<section class="screen" data-view="add-word"><button class="back" data-action="back">← ย้อนกลับ</button><div class="kicker">เก็บคำที่อยากจำ</div><h1 class="title" tabindex="-1">เพิ่มคำศัพท์</h1><p class="sub">ใส่คำและความหมายด้วยตัวเอง</p><label class="label" for="new-word">คำภาษาอังกฤษ</label><input id="new-word" class="input" placeholder="เช่น book" autocomplete="off"><label class="label" for="new-meaning">ความหมายภาษาไทย</label><input id="new-meaning" class="input" placeholder="เช่น หนังสือ" autocomplete="off"><button class="button full" data-action="add-word">เพิ่มในตัวอย่าง</button><p class="hint">จะกลับมาแก้ไขความหมายภายหลังก็ได้</p><p class="sample-note">ข้อมูลบนหน้านี้เป็นตัวอย่างสำหรับดูดีไซน์ ไม่ใช่ผลการเรียนหรือข้อมูลบัญชีจริง</p></section>'
  
      at TestContext.<anonymous> (C:\Users\Phet\.codex\worktrees\26db\LexiQuest\docs\design\check-s01-navigation.cjs:335:10)
      at Test.runInAsyncScope (node:async_hooks:227:14)
      at Test.run (node:internal/test_runner/test:1306:25)
      at Test.processPendingSubtests (node:internal/test_runner/test:897:18)
      at Test.postRun (node:internal/test_runner/test:1447:19)
      at Test.run (node:internal/test_runner/test:1372:12)
      at async Test.processPendingSubtests (node:internal/test_runner/test:897:7) {
    generatedMessage: true,
    code: 'ERR_ASSERTION',
    actual: '<section class="screen" data-view="add-word"><button class="back" data-action="back">← ย้อนกลับ</button><div class="kicker">เก็บคำที่อยากจำ</div><h1 class="title" tabindex="-1">เพิ่มคำศัพท์</h1><p class="sub">ใส่คำและความหมายด้วยตัวเอง</p><label class="label" for="new-word">คำภาษาอังกฤษ</label><input id="new-word" class="input" placeholder="เช่น book" autocomplete="off"><label class="label" for="new-meaning">ความหมายภาษาไทย</label><input id="new-meaning" class="input" placeholder="เช่น หนังสือ" autocomplete="off"><button class="button full" data-action="add-word">เพิ่มในตัวอย่าง</button><p class="hint">จะกลับมาแก้ไขความหมายภายหลังก็ได้</p><p class="sample-note">ข้อมูลบนหน้านี้เป็นตัวอย่างสำหรับดูดีไซน์ ไม่ใช่ผลการเรียนหรือข้อมูลบัญชีจริง</p></section>',
    expected: /data-action="add-word-cancel"/,
    operator: 'match',
    diff: 'simple'
  }

test at docs\design\check-s01-navigation.cjs:340:1
✖ edit draft survives feedback but cancel restores persisted meaning (2.1857ms)
  AssertionError [ERR_ASSERTION]: The input did not match the regular expression /value="  revised  "/. Input:
  
  '<section class="screen" data-view="edit-word"><div class="info banner" role="status">feedback</div><button class="back" data-action="back">← ย้อนกลับ</button><div class="kicker">แก้คำของฉัน</div><h1 class="title" tabindex="-1">แก้ความหมาย</h1><p class="sub">คำอังกฤษ: book</p><label class="label" for="edit-meaning">ความหมายภาษาไทย</label><input id="edit-meaning" class="input" value="หนังสือ"><button class="button full" data-action="save-edit-word">บันทึกในตัวอย่าง</button><button class="button secondary full" data-action="back">ยกเลิก</button><p class="hint">ในแอปจริงต้องบอกว่าการแก้คำมีผลกับแบบฝึกและประวัติอย่างไร</p></section>'
  
      at TestContext.<anonymous> (C:\Users\Phet\.codex\worktrees\26db\LexiQuest\docs\design\check-s01-navigation.cjs:342:10)
      at Test.runInAsyncScope (node:async_hooks:227:14)
      at Test.run (node:internal/test_runner/test:1306:25)
      at Test.processPendingSubtests (node:internal/test_runner/test:897:18)
      at Test.postRun (node:internal/test_runner/test:1447:19)
      at Test.run (node:internal/test_runner/test:1372:12)
      at async Test.processPendingSubtests (node:internal/test_runner/test:897:7) {
    generatedMessage: true,
    code: 'ERR_ASSERTION',
    actual: '<section class="screen" data-view="edit-word"><div class="info banner" role="status">feedback</div><button class="back" data-action="back">← ย้อนกลับ</button><div class="kicker">แก้คำของฉัน</div><h1 class="title" tabindex="-1">แก้ความหมาย</h1><p class="sub">คำอังกฤษ: book</p><label class="label" for="edit-meaning">ความหมายภาษาไทย</label><input id="edit-meaning" class="input" value="หนังสือ"><button class="button full" data-action="save-edit-word">บันทึกในตัวอย่าง</button><button class="button secondary full" data-action="back">ยกเลิก</button><p class="hint">ในแอปจริงต้องบอกว่าการแก้คำมีผลกับแบบฝึกและประวัติอย่างไร</p></section>',
    expected: /value="  revised  "/,
    operator: 'match',
    diff: 'simple'
  }

test at docs\design\check-s01-navigation.cjs:345:1
✖ import preserves line numbers and shows invalid duplicate and accepted row outcomes (6.5606ms)
  AssertionError [ERR_ASSERTION]: The expression evaluated to a falsy value:
  
    assert.ok(h.screen.innerHTML.includes(`บรรทัด ${n}`))
  
      at TestContext.<anonymous> (C:\Users\Phet\.codex\worktrees\26db\LexiQuest\docs\design\check-s01-navigation.cjs:347:39)
      at Test.runInAsyncScope (node:async_hooks:227:14)
      at Test.run (node:internal/test_runner/test:1306:25)
      at Test.processPendingSubtests (node:internal/test_runner/test:897:18)
      at Test.postRun (node:internal/test_runner/test:1447:19)
      at Test.run (node:internal/test_runner/test:1372:12)
      at async Test.processPendingSubtests (node:internal/test_runner/test:897:7) {
    generatedMessage: true,
    code: 'ERR_ASSERTION',
    actual: false,
    expected: true,
    operator: '==',
    diff: 'simple'
  }
