Saved artifact at 'C:\Users\Phet\AppData\Local\Temp\tmp1m14qh47'. The following endpoints are available:

* Endpoint 'serve'
  args_0 (POSITIONAL_ONLY): TensorSpec(shape=(1, 224, 224, 3), dtype=tf.uint8, name='keras_tensor_177')
Output Type:
  TensorSpec(shape=(1, 16), dtype=tf.float32, name=None)
Captures:
  1382160523408: TensorSpec(shape=(), dtype=tf.resource, name=None)
  1382160524560: TensorSpec(shape=(), dtype=tf.resource, name=None)
  1382160524752: TensorSpec(shape=(), dtype=tf.resource, name=None)
  1382160524944: TensorSpec(shape=(), dtype=tf.resource, name=None)
  1382160522064: TensorSpec(shape=(), dtype=tf.resource, name=None)
  1382160523984: TensorSpec(shape=(), dtype=tf.resource, name=None)
  1382160526288: TensorSpec(shape=(), dtype=tf.resource, name=None)
  1382160525712: TensorSpec(shape=(), dtype=tf.resource, name=None)
  1382160525904: TensorSpec(shape=(), dtype=tf.resource, name=None)
  1382160526864: TensorSpec(shape=(), dtype=tf.resource, name=None)
  1382160527248: TensorSpec(shape=(), dtype=tf.resource, name=None)
  1382160528400: TensorSpec(shape=(), dtype=tf.resource, name=None)
  1382160528592: TensorSpec(shape=(), dtype=tf.resource, name=None)
  1382160527440: TensorSpec(shape=(), dtype=tf.resource, name=None)
  1382160527056: TensorSpec(shape=(), dtype=tf.resource, name=None)
  1382160527632: TensorSpec(shape=(), dtype=tf.resource, name=None)
  1382160529552: TensorSpec(shape=(), dtype=tf.resource, name=None)
  1382160529360: TensorSpec(shape=(), dtype=tf.resource, name=None)
  1382160528208: TensorSpec(shape=(), dtype=tf.resource, name=None)
  1382160530128: TensorSpec(shape=(), dtype=tf.resource, name=None)
  1382160528784: TensorSpec(shape=(), dtype=tf.resource, name=None)
  1382160529936: TensorSpec(shape=(), dtype=tf.resource, name=None)
  1382160531088: TensorSpec(shape=(), dtype=tf.resource, name=None)
  1382160530704: TensorSpec(shape=(), dtype=tf.resource, name=None)
  1382160526480: TensorSpec(shape=(), dtype=tf.resource, name=None)
  1382160527824: TensorSpec(shape=(), dtype=tf.resource, name=None)
  1382160530320: TensorSpec(shape=(), dtype=tf.resource, name=None)
  1382160529744: TensorSpec(shape=(), dtype=tf.resource, name=None)
  1382160531280: TensorSpec(shape=(), dtype=tf.resource, name=None)
  1382160530896: TensorSpec(shape=(), dtype=tf.resource, name=None)
  1382162219280: TensorSpec(shape=(), dtype=tf.resource, name=None)
  1382162220432: TensorSpec(shape=(), dtype=tf.resource, name=None)
  1382162220240: TensorSpec(shape=(), dtype=tf.resource, name=None)
  1382162219856: TensorSpec(shape=(), dtype=tf.resource, name=None)
  1382162221008: TensorSpec(shape=(), dtype=tf.resource, name=None)
  1382162219472: TensorSpec(shape=(), dtype=tf.resource, name=None)
  1382162220624: TensorSpec(shape=(), dtype=tf.resource, name=None)
  1382162220816: TensorSpec(shape=(), dtype=tf.resource, name=None)
  1382162219088: TensorSpec(shape=(), dtype=tf.resource, name=None)
  1382162221968: TensorSpec(shape=(), dtype=tf.resource, name=None)
  1382162222352: TensorSpec(shape=(), dtype=tf.resource, name=None)
  1382162222544: TensorSpec(shape=(), dtype=tf.resource, name=None)
  1382162221584: TensorSpec(shape=(), dtype=tf.resource, name=None)
  1382162222160: TensorSpec(shape=(), dtype=tf.resource, name=None)
  1382162223120: TensorSpec(shape=(), dtype=tf.resource, name=None)
  1382162223504: TensorSpec(shape=(), dtype=tf.resource, name=None)
  1382162223696: TensorSpec(shape=(), dtype=tf.resource, name=None)
  1382162222736: TensorSpec(shape=(), dtype=tf.resource, name=None)
  1382162223312: TensorSpec(shape=(), dtype=tf.resource, name=None)
  1382162224272: TensorSpec(shape=(), dtype=tf.resource, name=None)
  1382162221392: TensorSpec(shape=(), dtype=tf.resource, name=None)
  1382162223888: TensorSpec(shape=(), dtype=tf.resource, name=None)
  1382162224080: TensorSpec(shape=(), dtype=tf.resource, name=None)
  1382162222928: TensorSpec(shape=(), dtype=tf.resource, name=None)
  1382162225232: TensorSpec(shape=(), dtype=tf.resource, name=None)
  1382162224656: TensorSpec(shape=(), dtype=tf.resource, name=None)
  1382162224848: TensorSpec(shape=(), dtype=tf.resource, name=None)
  1382162225040: TensorSpec(shape=(), dtype=tf.resource, name=None)
  1382162221776: TensorSpec(shape=(), dtype=tf.resource, name=None)
  1382162226192: TensorSpec(shape=(), dtype=tf.resource, name=None)
  1382162225616: TensorSpec(shape=(), dtype=tf.resource, name=None)
  1382162225808: TensorSpec(shape=(), dtype=tf.resource, name=None)
  1382162226000: TensorSpec(shape=(), dtype=tf.resource, name=None)
  1382162221200: TensorSpec(shape=(), dtype=tf.resource, name=None)
  1382162227152: TensorSpec(shape=(), dtype=tf.resource, name=None)
  1382162226576: TensorSpec(shape=(), dtype=tf.resource, name=None)
  1382162226768: TensorSpec(shape=(), dtype=tf.resource, name=None)
  1382162226960: TensorSpec(shape=(), dtype=tf.resource, name=None)
  1382162224464: TensorSpec(shape=(), dtype=tf.resource, name=None)
  1382162228112: TensorSpec(shape=(), dtype=tf.resource, name=None)
  1382162227536: TensorSpec(shape=(), dtype=tf.resource, name=None)
  1382162227728: TensorSpec(shape=(), dtype=tf.resource, name=None)
  1382162227920: TensorSpec(shape=(), dtype=tf.resource, name=None)
  1382162225424: TensorSpec(shape=(), dtype=tf.resource, name=None)
  1382162229072: TensorSpec(shape=(), dtype=tf.resource, name=None)
  1382162228496: TensorSpec(shape=(), dtype=tf.resource, name=None)
  1382162228688: TensorSpec(shape=(), dtype=tf.resource, name=None)
  1382162228880: TensorSpec(shape=(), dtype=tf.resource, name=None)
  1382162226384: TensorSpec(shape=(), dtype=tf.resource, name=None)
  1382162230032: TensorSpec(shape=(), dtype=tf.resource, name=None)
  1382162229456: TensorSpec(shape=(), dtype=tf.resource, name=None)
  1382162229648: TensorSpec(shape=(), dtype=tf.resource, name=None)
  1382162229840: TensorSpec(shape=(), dtype=tf.resource, name=None)
  1382162227344: TensorSpec(shape=(), dtype=tf.resource, name=None)
  1382162230992: TensorSpec(shape=(), dtype=tf.resource, name=None)
  1382162230416: TensorSpec(shape=(), dtype=tf.resource, name=None)
  1382162230608: TensorSpec(shape=(), dtype=tf.resource, name=None)
  1382162230800: TensorSpec(shape=(), dtype=tf.resource, name=None)
  1382162228304: TensorSpec(shape=(), dtype=tf.resource, name=None)
  1382162231952: TensorSpec(shape=(), dtype=tf.resource, name=None)
  1382162231376: TensorSpec(shape=(), dtype=tf.resource, name=None)
  1382162231568: TensorSpec(shape=(), dtype=tf.resource, name=None)
  1382162231760: TensorSpec(shape=(), dtype=tf.resource, name=None)
  1382162229264: TensorSpec(shape=(), dtype=tf.resource, name=None)
  1382162232912: TensorSpec(shape=(), dtype=tf.resource, name=None)
  1382162232336: TensorSpec(shape=(), dtype=tf.resource, name=None)
  1382162232528: TensorSpec(shape=(), dtype=tf.resource, name=None)
  1382162232720: TensorSpec(shape=(), dtype=tf.resource, name=None)
  1382162230224: TensorSpec(shape=(), dtype=tf.resource, name=None)
  1382162233872: TensorSpec(shape=(), dtype=tf.resource, name=None)
  1382162233296: TensorSpec(shape=(), dtype=tf.resource, name=None)
  1382162233488: TensorSpec(shape=(), dtype=tf.resource, name=None)
  1382162233680: TensorSpec(shape=(), dtype=tf.resource, name=None)
  1382162231184: TensorSpec(shape=(), dtype=tf.resource, name=None)
  1382162234832: TensorSpec(shape=(), dtype=tf.resource, name=None)
  1382162234256: TensorSpec(shape=(), dtype=tf.resource, name=None)
  1382162232144: TensorSpec(shape=(), dtype=tf.resource, name=None)
  1382162235024: TensorSpec(shape=(), dtype=tf.resource, name=None)
  1382162234448: TensorSpec(shape=(), dtype=tf.resource, name=None)
  1382162235216: TensorSpec(shape=(), dtype=tf.resource, name=None)
  1382162234640: TensorSpec(shape=(), dtype=tf.resource, name=None)
  1382179652048: TensorSpec(shape=(), dtype=tf.resource, name=None)
  1382179653008: TensorSpec(shape=(), dtype=tf.resource, name=None)
  1382162233104: TensorSpec(shape=(), dtype=tf.resource, name=None)
  1382162234064: TensorSpec(shape=(), dtype=tf.resource, name=None)
  1382179652816: TensorSpec(shape=(), dtype=tf.resource, name=None)
  1382179651856: TensorSpec(shape=(), dtype=tf.resource, name=None)
  1382179651664: TensorSpec(shape=(), dtype=tf.resource, name=None)
  1382179652240: TensorSpec(shape=(), dtype=tf.resource, name=None)
  1382179653968: TensorSpec(shape=(), dtype=tf.resource, name=None)
  1382179653392: TensorSpec(shape=(), dtype=tf.resource, name=None)
  1382179653584: TensorSpec(shape=(), dtype=tf.resource, name=None)
  1382179653776: TensorSpec(shape=(), dtype=tf.resource, name=None)
  1382179652624: TensorSpec(shape=(), dtype=tf.resource, name=None)
  1382179654928: TensorSpec(shape=(), dtype=tf.resource, name=None)
  1382179654352: TensorSpec(shape=(), dtype=tf.resource, name=None)
  1382179654544: TensorSpec(shape=(), dtype=tf.resource, name=None)
  1382179654736: TensorSpec(shape=(), dtype=tf.resource, name=None)
  1382179652432: TensorSpec(shape=(), dtype=tf.resource, name=None)
  1382179655888: TensorSpec(shape=(), dtype=tf.resource, name=None)
  1382179655312: TensorSpec(shape=(), dtype=tf.resource, name=None)
  1382179655504: TensorSpec(shape=(), dtype=tf.resource, name=None)
  1382179655696: TensorSpec(shape=(), dtype=tf.resource, name=None)
  1382179653200: TensorSpec(shape=(), dtype=tf.resource, name=None)
  1382179656848: TensorSpec(shape=(), dtype=tf.resource, name=None)
  1382179656464: TensorSpec(shape=(), dtype=tf.resource, name=None)
  1382179658000: TensorSpec(shape=(), dtype=tf.resource, name=None)
WARNING: All log messages before absl::InitializeLog() is called are written to STDERR
W0000 00:00:1789323124.626337   25144 tf_tfl_flatbuffer_helpers.cc:364] Ignored output_format.
W0000 00:00:1789323124.626717   25144 tf_tfl_flatbuffer_helpers.cc:367] Ignored drop_control_dependency.
I0000 00:00:1789323124.715734   25144 mlir_graph_optimization_pass.cc:437] MLIR V1 optimization pass is not enabled
C:\Users\Phet\.cache\lq12-20260911\Lib\site-packages\tensorflow\lite\python\interpreter.py:457: UserWarning:     Warning: tf.lite.Interpreter is deprecated and is scheduled for deletion in
    TF 2.20. Please use the LiteRT interpreter from the ai_edge_litert package.
    See the [migration guide](https://ai.google.dev/edge/litert/migration)
    for details.
    
  warnings.warn(_INTERPRETER_DELETION_WARNING)
INFO: Created TensorFlow Lite XNNPACK delegate for CPU.
{"status": "export-verified", "sha256": "7d20e11746f986b666b487bb8327edc1ff4cf3dd4f7d7e13e5a3d955b020da96", "bytes": 12871389, "validationSamples": 120, "matchingTop1": 120, "maximumProbabilityError": 4.589557647705078e-06}
