{"id": "cfbec9a293d2ee73", "label": "chair", "status": "excluded", "counts": {"book": 0, "bottle": 0, "chair": 0, "cup": 0, "apple": 0, "bread": 0, "tomato": 0, "bowl": 0, "spoon": 0, "fork": 0, "knife": 0, "door": 0, "ladder": 0, "light bulb": 0, "tool": 0, "tap": 0}}
{"id": "1654c86093ada840", "label": "chair", "status": "excluded", "counts": {"book": 0, "bottle": 0, "chair": 0, "cup": 0, "apple": 0, "bread": 0, "tomato": 0, "bowl": 0, "spoon": 0, "fork": 0, "knife": 0, "door": 0, "ladder": 0, "light bulb": 0, "tool": 0, "tap": 0}}
{"id": "19aaf40e64cdfb7b", "label": "knife", "status": "excluded", "counts": {"book": 0, "bottle": 0, "chair": 0, "cup": 0, "apple": 0, "bread": 0, "tomato": 0, "bowl": 0, "spoon": 0, "fork": 0, "knife": 0, "door": 0, "ladder": 0, "light bulb": 0, "tool": 0, "tap": 0}}
{"id": "eaa356e807b2e504", "label": "chair", "status": "excluded", "counts": {"book": 0, "bottle": 0, "chair": 0, "cup": 0, "apple": 0, "bread": 0, "tomato": 0, "bowl": 0, "spoon": 0, "fork": 0, "knife": 0, "door": 0, "ladder": 0, "light bulb": 0, "tool": 0, "tap": 0}}
{"id": "259b1ae62870b32b", "label": "door", "status": "excluded", "counts": {"book": 0, "bottle": 0, "chair": 0, "cup": 0, "apple": 0, "bread": 0, "tomato": 0, "bowl": 0, "spoon": 0, "fork": 0, "knife": 0, "door": 0, "ladder": 0, "light bulb": 0, "tool": 0, "tap": 0}}
{"id": "3d1110968f4e690e", "label": "fork", "status": "excluded", "counts": {"book": 0, "bottle": 0, "chair": 0, "cup": 0, "apple": 0, "bread": 0, "tomato": 0, "bowl": 0, "spoon": 0, "fork": 0, "knife": 0, "door": 0, "ladder": 0, "light bulb": 0, "tool": 0, "tap": 0}}
{"id": "4cc6516b9be3d77d", "label": "bottle", "status": "excluded", "counts": {"book": 0, "bottle": 0, "chair": 0, "cup": 0, "apple": 0, "bread": 0, "tomato": 0, "bowl": 0, "spoon": 0, "fork": 0, "knife": 0, "door": 0, "ladder": 0, "light bulb": 0, "tool": 0, "tap": 0}}
{"id": "db124081108638ea", "label": "book", "status": "excluded", "counts": {"book": 0, "bottle": 0, "chair": 0, "cup": 0, "apple": 0, "bread": 0, "tomato": 0, "bowl": 0, "spoon": 0, "fork": 0, "knife": 0, "door": 0, "ladder": 0, "light bulb": 0, "tool": 0, "tap": 0}}
{"id": "0a6bc386b28f2aac", "label": "chair", "status": "excluded", "counts": {"book": 0, "bottle": 0, "chair": 0, "cup": 0, "apple": 0, "bread": 0, "tomato": 0, "bowl": 0, "spoon": 0, "fork": 0, "knife": 0, "door": 0, "ladder": 0, "light bulb": 0, "tool": 0, "tap": 0}}
{"id": "6e9f89a2758892d3", "label": "apple", "status": "excluded", "counts": {"book": 0, "bottle": 0, "chair": 0, "cup": 0, "apple": 0, "bread": 0, "tomato": 0, "bowl": 0, "spoon": 0, "fork": 0, "knife": 0, "door": 0, "ladder": 0, "light bulb": 0, "tool": 0, "tap": 0}}
{"id": "ce1a04fbc5096c01", "label": "door", "status": "excluded", "counts": {"book": 0, "bottle": 0, "chair": 0, "cup": 0, "apple": 0, "bread": 0, "tomato": 0, "bowl": 0, "spoon": 0, "fork": 0, "knife": 0, "door": 0, "ladder": 0, "light bulb": 0, "tool": 0, "tap": 0}}
{"id": "50a04340ed939dd7", "label": "tomato", "status": "excluded", "counts": {"book": 0, "bottle": 0, "chair": 0, "cup": 0, "apple": 0, "bread": 0, "tomato": 0, "bowl": 0, "spoon": 0, "fork": 0, "knife": 0, "door": 0, "ladder": 0, "light bulb": 0, "tool": 0, "tap": 0}}
{"id": "aed59fc1d72f575d", "label": "door", "status": "excluded", "counts": {"book": 0, "bottle": 0, "chair": 0, "cup": 0, "apple": 0, "bread": 0, "tomato": 0, "bowl": 0, "spoon": 0, "fork": 0, "knife": 0, "door": 0, "ladder": 0, "light bulb": 0, "tool": 0, "tap": 0}}
{"id": "8cf6f25f08e058f0", "label": "bottle", "status": "excluded", "counts": {"book": 0, "bottle": 0, "chair": 0, "cup": 0, "apple": 0, "bread": 0, "tomato": 0, "bowl": 0, "spoon": 0, "fork": 0, "knife": 0, "door": 0, "ladder": 0, "light bulb": 0, "tool": 0, "tap": 0}}
{"id": "ed37c41b16636962", "label": "apple", "status": "excluded", "counts": {"book": 0, "bottle": 0, "chair": 0, "cup": 0, "apple": 0, "bread": 0, "tomato": 0, "bowl": 0, "spoon": 0, "fork": 0, "knife": 0, "door": 0, "ladder": 0, "light bulb": 0, "tool": 0, "tap": 0}}
{"id": "ac0077fd03e9e741", "label": "bread", "status": "excluded", "counts": {"book": 0, "bottle": 0, "chair": 0, "cup": 0, "apple": 0, "bread": 0, "tomato": 0, "bowl": 0, "spoon": 0, "fork": 0, "knife": 0, "door": 0, "ladder": 0, "light bulb": 0, "tool": 0, "tap": 0}}
{"id": "a8b14d4a442bf4a8", "label": "cup", "status": "excluded", "counts": {"book": 0, "bottle": 0, "chair": 0, "cup": 0, "apple": 0, "bread": 0, "tomato": 0, "bowl": 0, "spoon": 0, "fork": 0, "knife": 0, "door": 0, "ladder": 0, "light bulb": 0, "tool": 0, "tap": 0}}
{"id": "6c6bab990f122299", "label": "bottle", "status": "excluded", "counts": {"book": 0, "bottle": 0, "chair": 0, "cup": 0, "apple": 0, "bread": 0, "tomato": 0, "bowl": 0, "spoon": 0, "fork": 0, "knife": 0, "door": 0, "ladder": 0, "light bulb": 0, "tool": 0, "tap": 0}}
{"id": "78767a54758dcd79", "label": "chair", "status": "excluded", "counts": {"book": 0, "bottle": 0, "chair": 0, "cup": 0, "apple": 0, "bread": 0, "tomato": 0, "bowl": 0, "spoon": 0, "fork": 0, "knife": 0, "door": 0, "ladder": 0, "light bulb": 0, "tool": 0, "tap": 0}}
{"id": "1ada167e2d40c238", "label": "knife", "status": "excluded", "counts": {"book": 0, "bottle": 0, "chair": 0, "cup": 0, "apple": 0, "bread": 0, "tomato": 0, "bowl": 0, "spoon": 0, "fork": 0, "knife": 0, "door": 0, "ladder": 0, "light bulb": 0, "tool": 0, "tap": 0}}
{"id": "c0670cfbacea9423", "label": "bread", "status": "excluded", "counts": {"book": 0, "bottle": 0, "chair": 0, "cup": 0, "apple": 0, "bread": 0, "tomato": 0, "bowl": 0, "spoon": 0, "fork": 0, "knife": 0, "door": 0, "ladder": 0, "light bulb": 0, "tool": 0, "tap": 0}}
{"id": "02eaecd683dbdb9f", "label": "cup", "status": "excluded", "counts": {"book": 0, "bottle": 0, "chair": 0, "cup": 0, "apple": 0, "bread": 0, "tomato": 0, "bowl": 0, "spoon": 0, "fork": 0, "knife": 0, "door": 0, "ladder": 0, "light bulb": 0, "tool": 0, "tap": 0}}
{"id": "0a7c597abf1e90d4", "label": "chair", "status": "excluded", "counts": {"book": 0, "bottle": 0, "chair": 0, "cup": 0, "apple": 0, "bread": 0, "tomato": 0, "bowl": 0, "spoon": 0, "fork": 0, "knife": 0, "door": 0, "ladder": 0, "light bulb": 0, "tool": 0, "tap": 0}}
{"id": "99deb1955879caac", "label": "chair", "status": "excluded", "counts": {"book": 0, "bottle": 0, "chair": 0, "cup": 0, "apple": 0, "bread": 0, "tomato": 0, "bowl": 0, "spoon": 0, "fork": 0, "knife": 0, "door": 0, "ladder": 0, "light bulb": 0, "tool": 0, "tap": 0}}
{"id": "13d3f1e5893726a2", "label": "bottle", "status": "excluded", "counts": {"book": 0, "bottle": 0, "chair": 0, "cup": 0, "apple": 0, "bread": 0, "tomato": 0, "bowl": 0, "spoon": 0, "fork": 0, "knife": 0, "door": 0, "ladder": 0, "light bulb": 0, "tool": 0, "tap": 0}}
{"id": "286de7c921469cec", "label": "cup", "status": "excluded", "counts": {"book": 0, "bottle": 0, "chair": 0, "cup": 0, "apple": 0, "bread": 0, "tomato": 0, "bowl": 0, "spoon": 0, "fork": 0, "knife": 0, "door": 0, "ladder": 0, "light bulb": 0, "tool": 0, "tap": 0}}
{"id": "b8dbdb7f69ce422d", "label": "bottle", "status": "excluded", "counts": {"book": 0, "bottle": 0, "chair": 0, "cup": 0, "apple": 0, "bread": 0, "tomato": 0, "bowl": 0, "spoon": 0, "fork": 0, "knife": 0, "door": 0, "ladder": 0, "light bulb": 0, "tool": 0, "tap": 0}}
{"id": "2e01648889a0c0ba", "label": "bread", "status": "excluded", "counts": {"book": 0, "bottle": 0, "chair": 0, "cup": 0, "apple": 0, "bread": 0, "tomato": 0, "bowl": 0, "spoon": 0, "fork": 0, "knife": 0, "door": 0, "ladder": 0, "light bulb": 0, "tool": 0, "tap": 0}}
{"id": "c2c19be58ed7280b", "label": "apple", "status": "excluded", "counts": {"book": 0, "bottle": 0, "chair": 0, "cup": 0, "apple": 0, "bread": 0, "tomato": 0, "bowl": 0, "spoon": 0, "fork": 0, "knife": 0, "door": 0, "ladder": 0, "light bulb": 0, "tool": 0, "tap": 0}}
{"id": "686799d087248d7f", "label": "cup", "status": "excluded", "counts": {"book": 0, "bottle": 0, "chair": 0, "cup": 0, "apple": 0, "bread": 0, "tomato": 0, "bowl": 0, "spoon": 0, "fork": 0, "knife": 0, "door": 0, "ladder": 0, "light bulb": 0, "tool": 0, "tap": 0}}
{"id": "d458b66ae00e6d3d", "label": "cup", "status": "excluded", "counts": {"book": 0, "bottle": 0, "chair": 0, "cup": 0, "apple": 0, "bread": 0, "tomato": 0, "bowl": 0, "spoon": 0, "fork": 0, "knife": 0, "door": 0, "ladder": 0, "light bulb": 0, "tool": 0, "tap": 0}}
{"id": "32fca57f422476e1", "label": "tomato", "status": "excluded", "counts": {"book": 0, "bottle": 0, "chair": 0, "cup": 0, "apple": 0, "bread": 0, "tomato": 0, "bowl": 0, "spoon": 0, "fork": 0, "knife": 0, "door": 0, "ladder": 0, "light bulb": 0, "tool": 0, "tap": 0}}
{"id": "27a69c63898c34d0", "label": "bread", "status": "excluded", "counts": {"book": 0, "bottle": 0, "chair": 0, "cup": 0, "apple": 0, "bread": 0, "tomato": 0, "bowl": 0, "spoon": 0, "fork": 0, "knife": 0, "door": 0, "ladder": 0, "light bulb": 0, "tool": 0, "tap": 0}}
{"id": "d6bdc197b5645e29", "label": "cup", "status": "excluded", "counts": {"book": 0, "bottle": 0, "chair": 0, "cup": 0, "apple": 0, "bread": 0, "tomato": 0, "bowl": 0, "spoon": 0, "fork": 0, "knife": 0, "door": 0, "ladder": 0, "light bulb": 0, "tool": 0, "tap": 0}}
{"id": "5e7860330b1ce233", "label": "cup", "status": "excluded", "counts": {"book": 0, "bottle": 0, "chair": 0, "cup": 0, "apple": 0, "bread": 0, "tomato": 0, "bowl": 0, "spoon": 0, "fork": 0, "knife": 0, "door": 0, "ladder": 0, "light bulb": 0, "tool": 0, "tap": 0}}
{"id": "44515e328e4d619d", "label": "knife", "status": "excluded", "counts": {"book": 0, "bottle": 0, "chair": 0, "cup": 0, "apple": 0, "bread": 0, "tomato": 0, "bowl": 0, "spoon": 0, "fork": 0, "knife": 0, "door": 0, "ladder": 0, "light bulb": 0, "tool": 0, "tap": 0}}
{"id": "b5c57763b0dad42c", "label": "apple", "status": "excluded", "counts": {"book": 0, "bottle": 0, "chair": 0, "cup": 0, "apple": 0, "bread": 0, "tomato": 0, "bowl": 0, "spoon": 0, "fork": 0, "knife": 0, "door": 0, "ladder": 0, "light bulb": 0, "tool": 0, "tap": 0}}
{"id": "debf63ec21415073", "label": "chair", "status": "excluded", "counts": {"book": 0, "bottle": 0, "chair": 0, "cup": 0, "apple": 0, "bread": 0, "tomato": 0, "bowl": 0, "spoon": 0, "fork": 0, "knife": 0, "door": 0, "ladder": 0, "light bulb": 0, "tool": 0, "tap": 0}}
